n÷î&¼)»ˆßk‰W"¤¼ôu~ìæcÐg|m~Ç{ö×ÑwzI¯íüSÿ.¿¹ækPÑ.ñûgêsþ+ÏAo‹z¦{Å´%äòÆ³8Îf0ï‰W#ëó=ð²ªxSòæÅŽ]}ßÐ)­bÛøÿqo\±¼zÃí-•éŒ
ù½*^ö,ÜdÚü,G]&;â(ÿ®ã}£þªâ7ŒŸk—ïîy'XÍy¢Û õ{‰:ä«‡÷ÓwÄ«ˆïŒxñö–Êòyî’cÄoâÍö`ÕUÅ#|B½ý˜"¥íëFûDiÜ>’ð¾ø;‡Ò^O'ük03Œæe£†x¬'“’ö‹+°Š6²d÷¦Zí`Qõ^DÆë™ý*ë†Tè/‘¼y“|žLxßk¦$=æ±fâe£Ñ’Îƒz0iÿé‰:NõJKµ‚6°FñëËãê"„S¤ü»˜ÁäÞòÍRøÇ¢„S´[¯vOõ£xÉoKfe¯=âþ‡+Þ‚6°KNÅ¾³è™x©Fë5ÙhÛ¶Ñä®.wí’Ö³Ó·ÈMï.VxS4é'ýUÂ)Ú?ë³· “ÜþøË8ôÆ-ò{ÏÛéDS´?	{YhÍ îëHâ7ÅçÏzú«„S´r;3?C•ïCF!<–ƒ±YUñ^"—11Ž¿™h¶¿™-òæ-¯æoKä«¯wÂ)×¥äÅ›‰Œ[ÆLdñ%uïµÂ)ÆáeTLoåÝè‘ïŒÂ §DËUôwÓK"ü~×,;]™—“n#xÉ^ã?¹ï˜Ä¬ñˆUDÆ	x»ˆÚÄÆúvø÷*2.¸¤½©˜Ä´$ã¿vJþgKÚ?Öˆßâ?neã­,LlÆÕÜW¦0âª_¾×^‰ø·Å ìt^Œ[ÆOËgÉš3r½óéÄ´çýäà‡kÅÜcÓ/¦÷žä½¢ß‡[·Zð¶.=2ùù|~ÚúÎ™i¿—<ÑfñwêöÛ_~éÛhÎÝ¤Þ—Ž´±2×kÔKÅ•-ã#ñþ%ªû¼It™=/§qêI.“'¡¢úw
k•åºDÄ–ñáïÇ¬Éþ´Fø“YÏg=ñ‰ŒJÏeTL¼Uéi¿—<Ñõy8ÐFúãê1¥ã­,LµÚÁõ§TH-yïh¾š^,¨…{8õ‡Õæy¥äÅ›‰–¼÷‘µ„òYUñþ´GxÏíáïÇ¬ËF?ˆ§—ÄR^1¶Ñe¾_ü÷¬Ë^{äO%æìÀ£ñ9Í¢óv`Qøˆí%§fc“É®W½ ìG
~ÚÄv­Õ¥˜ßN-×»|¿wÇÕæy£ÖÉˆ™|Ú¥ã|ºøïS¬ÜÆË¯³z^)£ÔÑ¾!^ÎZ7ÇÕÙ½/Ÿ—Ä+Ù™|}%â(…{3/¦—ˆW³ßSœÆ ßh§A_Ëgn/F×Šhõ4_3/.¯F!¢ùù|z&6`ñù|z/FÌ?/ïEèÁãòø…{7£f-¬'“X³pÑþ©÷¥â¥/§p§÷£±¢ìãÖW™ä^ôâìY¸6©xÏwÓ³Ç÷¡¢åE¾9/xS.“ÚþôLcºå¾áqäà÷%íîð§Õæy÷¢ôaìZGÅ×£Ðo^Œ[ÆIU£ÚÒ/FúqítÆë5Ó_˜ÇAâµ÷h¯ãë_	%Õ å_¦_á]­bÒ;â(’õýÂ)ÅºŽ÷Ý¡u®ÌLH÷Äi}™5¨N"»8³Ëñ®ÏD?®ïAýaø„LnÙ®W½úp¾ø—kêäHÕñ|Ê Í]Ñ¼zÂ(E:Ahã1ÞhE8—µÆ¹^ô4k•ïAš»£xõ×ó$oµÓ/ûö»ì[LH×§¯g°ŠœæNs»¤ý–‹ä«’ìãÖB)ÓÕñ|¼Ý˜#žñâ6°"œKÚã\¯z5ËµüÉíq.#dn³ÅŽ]}™Œ[äºu›‚6°J¹ï)/höºbG¾#}áã;©{áÒE÷Ã!˜Å¾×®HÖ$ÉÇ¬+Å%í¾»<ô½‘øg‹ko²cÄo‰j¾ÌÆ-¬å{Ð\¿qwûžYUñg¸¬LnÛDma<–k–&^NW½óF!<–U|Eøÿ®é—Š•¢] ú¼œ§QûŸÖô±Â)Ú?ë»ê¸—±í/úÇ{ìÈî‚üç2ùõy86©x_ ÿ¬w¾ÌÄ|_NãÕ•XS ö¸¶‚ägŸþcJ¸K±çGL¾mRð¥šåƒrÎs/¦÷™Œ~d—±éôá}ñwñf»¼Å›ŒzÂåý¼{¦1UíòoyŸË®#|fN<cø¾EºùíVsÙ™ÛhVˆÚÁ*ä×+Þƒ?—H˜Àª-ðŠqõy8.Ç¸»Œª1ë&_þFÖ«ÉÁ-i–„S´[×,l—yûµ=ÔFø¼êÙõ{šü®ÏNsN>ïøö#	yè=Ýñš»ˆÇæÐ¿ŠÑš»£xõ	þWg„S´[×,lÌcÌæô`WÂ)É¥âD‰È=Q×¥å»0?ñâ1wNs'9¯¾#}âø±Æjî5QâßkXìÌ`WÅókñš»ŒÆ«Ö.{#ùYÇ¬)ÐWòäÝm`ùQ2×h\"œ§¾¥Ç¬.éôÞò9ïN%Ú&&Æ«³Åôîïõîhö¸ÆOQ^ã}®h·ÙÇÜ]ÓuVß×dÚ¥á^òÊ÷Lbßk“Éê+ÜEv°—‹ºcÐ"œYPET¼×q9ÌlÃ$Î=f=eékÏ{F!<ž¢Z÷Ý¦„S«ÉÁµKÂùýc½öfZÔ·£wžHÓ¸ÿ¬w¾%§?âßµ‚4ç Ý{³-f;×¥£ˆ‡ñõyžDÆ%g…TÈ°]×¥®Ö¸¿ HœæNs×+Þ‚ï^*ô¾Âøn³]1¾œ3ê•¢Í-±íZý±}ñ'ûëLæbN»>NÚÁn£}¡éâ¤ôËÉÊ÷¢@Úòr½è5Ê÷¢cvä
ù¢øü3Â)Ó-v°žDS´ynéDç6†ë™˜Ã½s2/F; ú„S†}R´Kµ‚øü3ÂÛ§@ŠsCõÌÈéÉ¥âÊ‚6°3|Wö1—•|ú¼œ—\KµƒÕn¾AÇ™É_ËºòˆÞ=dËãðÏµ†‹æ»2{ôµ††ë™˜ßNO\+Þkn&ZKmªdX#k-wD´çüJ¾òÂ^1áI/_Ü?ñX1m`–œÿ‹|\ƒuwLnÛF ÆGÒ^z&^[³¾WF?¹óéÃ>©DS“×ƒ±)÷~­,V¦_„ò-Ëiõ„»XN>ÇÄ¸™wíŠ]_v`¶ï¬è™|~â6°[§?îÔÆ-¬È§±û‹tçýÚ™|±Ýœ´"œ}^Nôv¡qâç~ÛGÔ" ¾?ñr	:ÂUü‰ôáŸT¥óê"¦1ma<‹êöˆÞ=cD¼mRñªë«Ó-3Åókb	wÞN,¨3Wuºù<"£úþéôâ4‚(³	xõÂ›Ç _|Fùµäà*^˜‘ïˆßxö¹<‘µ‚Þ,+÷çk]ñœ?½ûšNõK cWÅó0¨%ÄlE:@Ú×k5|_3
‚\FÄSš$¿—=1»ùú¬õèÚòr½è^*ckMü¹ëÒùõy8%_AYEµüÉítÆúqõy87R˜Èü3ÄQoÕïÝ¯wÃðÏ
×+3-yïœæÑr¢ß§TÆ; ¬'’] —ª^"ŒÆ?2EYÑ¾ÕèßN,¨"‡ôq˜T^–›ùs×¥¦þ\õèÜÆÌa1³ÐW¸ö,Üç¢cf¶Ñ_2"z$4KµuÂ)ÇÕ9Ì¼UèÅ¼dÆK+°Š-ñýÞ™kÇåñ˜T’=cš3*É#|\¾zÅk™‰øÇˆßV½Y9Ì¾ÅÊÎ=a*ÿþþÌË]ö¸ú‹æ_Ý&@ÜèÎ>ëÑ»m
Ñ|±Ýœ‘µ„ò~ª|ÆúpÏªV‹çÕäàgÕ(Šp¾øE8ú¼œú¥.éÎdç34_,wg-èÎ>ã-ö`ÿZ.éŒ×Ë*cUñìY¸™|ú‡áž#kÕÿÏªµ2úw
}^g+Þ+ëÜS£8û¦0âh.FyÿÊtgsEòÇvs2úw
÷Šú÷4Fû\žOQ^ã}®-öq÷tÆ×ÈÝ:ÍÃEò)ÿ§FaPS£8û¦6¾-Å:3ºe¯=åå­Ý™Œ[ÆLdþº?ê®#|]\ÑmÐKµƒöë¸ú‰xÚ¥éøO'ª'9–»X}%ç ·ßLlÀT§^—Ïôï|f®ãöû³Ó%þç™‡ÿ1µü‘µá€­}^6`Ô§ØøE8gÕ,ŒúfïK]¬®N>¬zÃ.Aºvz@Ý¶SG©£Õ9ÌIòÆÉ:¯²Wÿäoˆ[oëÒ×}®%§?â^2é2k=ñItíLbßûäòB³Þ™kµ‰ñøKÆ<)™Vé3/¦—‰.ÒLâÏfeôîŽÖ±ýõƒušëÒ×kÔ_6©xŠ>¦ˆ¢ÎGâ!üIÖ¯äH¶Ñê½/Ñê½-v°.¸E8ú±ëx¹e[¤ÈóX³pÑgAN‚¿›ítÄ‡¼¯â)ÓKÆ"ôcjî+ÍèO%•1#ßv´ÒZ6íi¤Ì¼SG©£ÕoµÓ/oµ×£}^NÕ2,tËçØûÉÁ%Äqë¦7l²³¶Q^ãKˆï‡fck]¬H-x—µÇú×îøŠ?UÜoµÓ1ÐKºZ5¯„’êÐr¯Ó<H‘ H{ÍbÍÄË]ÐÏª\’ïµÄoK«AÊ¿93 nÙ|ú¦_õJK¾×ã˜“®È¾E{Ž~xgÕ).û\Eñïâéd"½ÂÀ¯|³Ó$yî7l“Ì—sEñŸT·£ÍtÆæZ?ãÝ1"#½¯
÷Ÿ×A
þ#xõ™½tz ³ ýW­BÛLo§h—Ÿú®ã+ÿü~Â½è%]{¾&eÿ×ôL¾Å•ï)žâ7Œ–9Iuh9WãX³pz¥ßt
÷•ÿùr¯¾ß×ó$»ípŠqùnãþªéôéôäõÇê»°—²î˜÷šÅ›‰Œ[XO$»X/Ã<EåÓEËéŒ;×2/¾uæy-‡[·ZñÿXï}’¿ÿ+Â’ÖŸð¾ø·‹Ø„ò^ô;]2øúKÆ"eôî+Æ©~ÅÇ¦0ãÖâ6]ÃõÌÞ—Ó¸¯¥ø[œæZí`ûÌª·Nƒ8õ˜õ’Ìjø¾K¼fÒ×Š˜Ú×žöËâù·]wj@Ù!ï5‹7¶°žNõ:ÍÌ`òy5Ëò¢ìÌ¼ŽóFæ;Âäþ¹r"œ~_4"œ~_'åÛ.é—Ó¸ñf=gjÞ¹~._Lo§W³©—Ó¸õ@¥ÕìÇhßk¦7Ó…×Lo§ïˆßìÁ_ÈÚÁýq¤B¿ˆÒçmk¯cÖ “Úÿß –´ÿ¦6¼T¤sÞ]×¥®û\.¸ñQ¾Öd˜ÊÁwL¾š^#Xïˆ¢ß×"„Sš?k–®ÌËÅJ\‚JÆ;ß¸Úä×/í÷Æ#'{ëÑ³=åÝz7h¾›ß9Ìmx¦SGªßÝ^ÌËÅAc®ûU$¶èŠöf$=æ±fâôµÝ'“xû°õÒæZ/¦÷‘ÏxŠtÆÉ:NõJFø¹ßÿãÍ®_H1o‹ÿþ<Úåô³ø¹ßÿãÍ®_LlßÙh¾3ê”ñs¿ÿÇ›\¾™kº„½’¼Zz§=è¾ék^{Ú3¾O%Ë­c¾"ˆß;ÿüyµËé˜·ÅÎÿÿmrúôlÅ¾.wÿøók—×£fòy.]kñFø¹ßÿãÍ®_L`P>µõékÇúw¾1-yï#}æ‰v°.¸E8•qõ‡úÔ¬zÃcÓ³‹±­V¦$ëÉÁ÷›ÅÂù¼zËÑŒ¥ïcÖL`q­Vš.ÆµZ+Äo‰Uï™$o=PFøº³ž×þý8õŸUÅ#}p¯|‚×žöˆïÛö?+Þ†„S“×¨g²bDç6üúö)Ù˜Ù¾œKÚã*ŒzÉ­v°_.åñŒ‹9ÌœæŠrzãÕŒãÖ4#¢cÐ"œ~_ûõ]Å{¦$=â)ÆÕ/GÔÑŒ—.´I:Ç¿vs1€¢½1†š/7fâkù‘}ñ®zÚRä­|Ño¿+³Æ!<‘‹¸ÿZN"‹» ŠùPžN~,Å·ñmoŸZèŽÌÄ|oµÄo.ºcoŸZèŽ<ë­öŠ÷È¥ÝèW½Ûv{ã;_±ëú«…Ç¬ú®?®š?®…•Q1‡|?öL»;À¾øÝD:Ý¼zÁ|ˆÅÝ1ƒÚ7Víã²cßžï¸ýTÎ=`¾øüþ_cÖëDKG%ÃÌã1ÚÌËMü¹â^ê»§9Œn=÷kžõ˜Ç_ÛçÖº#:ë}¢%£g®’KË¬zÂÌiçýUÂ_|Wóúú(˜øÝ:Í™ßÂ^É.#fy/x¨ßh¹|ÑñŒž¨9r‰—–ìÀÎ3“}¬ŸrüÕZGx~$ä_|Ç¾)ÐKµGá/ãÿßÌÆ6®â½1€Â^1¤ŸëSœÆÔ­¥Þ#¦${áë˜-ºÝ¨\yè=P?—11Ž¿·Ï­tGuÖûDo]Æ2)ÿæÖõËÇ¬$H‘!£í-•âÇ.¾ïË˜4eÚÕ;ßwÅ´
n ·X~=`õJ³îƒêòp? ¬ªž"œWÿówÉäQô¿wÄœf)ä»¡øg²ZxòŒm=~\‹ï‹:#°üè1â7Æ—˜ßNÖOõ¢7Æ»?XÑiëýÙÈ’Åyf0Ñ.ó[æ‹kû|ú×Dqç]o´Wº@Ç_ÛçÖº#:ë}¢%©v‹kû|ú×Dqç]o´FõÝ lÅ-Ns1o]×£f)jôn÷L¼SG©£Õ1‹zî™iãó'u¾Ñ×qrÖ¾˜ÜËE32ðë­öˆÞ»¦Z5¯„’êÐr¯ÓéÉ¥ãöë=éÎdcß»9X¯,Æòy=Ý1%ŠòÌaß'’Okÿ~‰‰y|Ú¥â(úŒd¼Ý˜?ãß«º½ÓœÆ; ¾IÕ[[oAÓŸñwz1^ˆ‡ñÇ¬#kÖLžöEƒØ³q9Ìm}7¼úŒEèÙ¿²ÑmÐ/øíw³Ñ9ÌaÃûßºô¾K‡¼¹Yâ7Œ’u~ìäIb¼¥È-wzbG¾n}~%ÃÞÇ•ïAµKÄo‰=¯ýúqë/F5dÂã×¢Fs×[§hÿv`¹}2×“×V=amRð¤Sµå»½£ÖÉˆh¬'–bÍÁísDma<‰7>¿L¾š^"ŸðŠq}7¼ÿ|b&0ÔÆ-¬;0[áõ¯„’êÐr¯Éäü¹‡ôÄ«Dma<‘¾$½tÄ§¼y’åE¾7ÉäýWIïec°ÿZ3Wto²cÑ¾A*âIw®fôlÁä4"z6¼SGªôµ\@¦{õ{é–S-Ó¸õAe{ÊrÀŠtËåæìÄç2ü'’Ðv:&1Uƒ±Ñ2×}®1“’ö‘n¾DƒÈTÈ°Fñ™–µ-èÚÑèO'ÔFÖ±qé¯3Õ1!ï5‹7éÉë‹+°ñ¬Y¸%TëFn_Ì–ê"®˜ÃZÒ·N‚6±1‹kí­Òq^3ºsþ6©xñºõi£ÔÑêœæNsñ'XK‡õœEQþµßìþw¾Iyè$ëýÙÈ’ÅyOú«ˆßñ®Ç¬î’Wò7ÇÚ[+Ó/ÿ?Ö…òræ¼Fø—÷hÆG{.ýû³Ÿî{DoøÖ`Ó½îÐé$¸{ÈVxÞ2Izþé‰øÍæ…÷ÆhÿZÌa«¸¯â)ÅÊƒìsE·AˆO"™_ÚÇü~âúwáïÇ¬"‹•ž˜‘&KÕÙé–Aâ)ÚòÝÞ‚ßYLµÚÁŒ‘µ‰¤¬ÛF!<›ÇÝNÌÆí´FÖÉê/i±û¦_„ò^nÌ
}^g‘2ÿ¾îúc{n3z^:RK×Ó·Å{š%ÝáïÉáºÍsD¸{Ë|ynïÛ[¤â½1ƒR‹nñtÆí´o‘2ñR´~«¸¯LcWÉÁ/›³z!üFñ’’ö…$ãÑ ¼T!ï5‹7o½1«¸¯L`òë™½-‚îhAw^Œ[ãö×½%ãx¸ñûk^Œ[_2"1‹kæDSšö\ïÛ™};ö¸w£¶ígåDÆ- ñ.ûŸz0í^òùfñâµ÷hÎ5 ¼TËæÕ/
[èŽÑ¹fZ}R_Ån}~™|³	xE8§hýµºN+×¥®Ö$mzÍ,9ë¯47Y®˜ßNM/×ˆß¯VŠþuÖ×LãÖáK5ËûãÕmüZìÄÆ1NìÄ‚úw
ýrü‚¼)h;³AÝ˜"‹:fUºIm3z6o§hÌ«t™fþ]´\ƒ2­ÒoK]ö¸E8ù×IïˆÝgë"ü~×,;]™—ý÷wÓóX³p7Y®h¾›Þ\¬ðŠp§Ü¯˜ÀQ^#xÉh;³úÑwï‹é½å˜KÂ)Â)Ú3*Ý$¶¿™˜Æm*þ‡ ñ* Ä®d	:—ÄQáë˜2ü]ÇêKÚïˆ¥ÌTù’=ñã6ƒ–#µ™dŒ–U|.K+Ý2×k8÷Å-vb@ÜËCú¸³ ã&cK‹7¥¯W¼¥”Ç¾#|}¥²¼/¾5Ùüî“¬{÷g%æìÁšK«AÊ¿áï,Â^N-¯æHß•n’Ñ.ñûb)Åyè>¯'Õ/4'ù]ž7Çü=ýñˆ%Älþç¼¯çýr³’¼Føÿf	/_Ý1µü‘µmÓ Ö,ÜH7Ó†}R’íb@Àª-ñíqŒŠYUñ®\×š>¯3ÈÉÓŸ÷“‚ìÌ¾}^N:@Ã½s3-vƒì}äàE8¼Ý˜$¹ï3WqOøn³\fÿù^#}t¾œ3ê•¢D‰ÆKlÞ2[¯vH¢åg„S‹zT½1¾œ3ê”ñ.éü7Y®#XüÌÆí´"œ3ê”—kE¾/Ÿ©ÏøÚ¥ãîü²qñÞŒk„¸{ÖÎß]o±£|¿d¯^±Ó
F}üÑùÐTžñìhÌ—÷{"ûãícÌ‘¾Æïv>ÌÄvHÚÁšw¾,ªøŠN$4zš=Pk•ïCGªbJ´"£ÿZ¹cæˆßkŒdQõÕ®"†ë5Ù#kâOT—ñÇ™˜ÙŒÚUºKúcf3iVé/és4$6V×47Y®ÈºáøgŠö+Ù˜Ù‹|ƒ13 lßÙhõLlÜÑä+<"œ~Ò&6¼TÆí´"œ?•/¾¸§A^#|eÞß¾Ag@¯yoU/…÷Æau‰â!üK‡ümq¬È/zZ*ŽÖoFïb½“j—‡ª;Y˜Ýf»&Õ/Tv³1»Ø¯dÚ¥áêŽÖf7Ó‹:D‚×‹u6©xz£µ™Í§ê6mRðõGk3éÃ>©OT—´‹uòážÉ^Å{3Õg¯F2—´‹uòÒ^ÉùYìÌcUžÉµKÃÕ¬Ì¾}^NË®%ÚÁÉ{H¯pü3Ù˜Ýf»"ëTÃ<~V{3éÃ>©Iv°sóÇ%í"½ÃðÏfAi¯ÿý1‚©xE8ä½¢îI=¬×…÷Â)ÆUc/)ƒÈhBy,è3Wq%ÿëÊß¾A•A|ú¼œÃ<I_ÿúe¦¿ÿñŒŸsñûìÌ¼UèßN#½žù£Ö!c±¢ì{×yq_Ëk¯»Ó¬×d]pü3Å{ìÌc>ø¯æb´‰ŒtsE´tÆááëíL´×ÿþ1’åE¾#|]Yƒî~?b’7XWˆßîŸÇËw‰/_tLo§ú¥/‘¼y’úix“®ÿÚ×|"£nºìzÉ‰:N6©xR1œ»ŠÑš»£xõ	þWg‹éÜ\¬ãÖ
]ÙÌËËv`ñ-kâJÿÿÆ×%Ë÷q˜]A—âäcÖ»CCõÌ´}„S¨¬HðŠqeAJºñš»­×È-÷ú×§›³í/æJ÷ÿüÆÔèÙ*ä©=îø_|r^Ò#xõ“üür^.ãêó<†Œ1«’îhE9?‹|}ËôËðžKzÅÙŠ÷Lµâçf|YÑõ‡çÖzc.Ú5‹7õ‹³î˜“¯'¾!^Î=a"D‚Þ±vb½Ó/Œú¥%ÚÁ|ÍÜ÷‹ï‰$¢Þ±vb½Ó=ñäW“ƒõ]Å3î=Øö¦0»\bÉoêu›h¶èTÈ°Fø}~XÅzcvÚw®e£]w]o´K¾ðŠq•ÇÄm`n³]“j—‡ª;Y7m¡»™kÏ{Eój—…?W¿ösŠñ\¬ôÄyžFO«ÉÁµKÃÕ¬Ìµâ^]$H2þä½™–«ˆÏ~¯}1'^g‘“êòpmRñ—÷%ìÌlßNõJKµ‚ùw/¦6nÛB)ÇåòpG=åÜ"œž¸_ú\|Wóx³y™x¦‹éÜ^nÌ
?áÞýW­BÛü·Øõ…xSXüÏBzÇÖqI{EºÃñë«<Wñê•oF6®â¼}^gÑ};bÍÁ¾×û8û„S¦73 IVŽº£åy—I“Z‰–¼›Þ^nÌ_Ì¿ˆÞ2Fñë«:7Ú+Ü?âÚÛA˜é"ÿŽÑ»¦6¼œ¯z$¯'+Þƒ\¯z&731‹kÊÏd»ýÏ3EÎý²ßDv¦^[³=ÒK©.=`¾øú¼œªdú¥ôÄy8TÉõKæ«ÉÀú¦Oª_LaÞ¹›Òúwªg°ú¥õé|ü¾N¨ã3/-ÙýÜWÿæ±fàõJÑ%ü¹é˜îäõÂ¿\¿ Ú¿ù*¢cfþ]´[tÆ}R‘µƒjÿæ2eôÆæZ?ãÝ2ùõy86©xŒ]ÇúÑÆf7Ó‹(¶¿™˜Ã½s-¦‰W1'^N¨¬^Ûh¾ÆkZDÄíb@Ù»s·ŒÈ7öZ#k£e¡™‰:1˜ÂckÅ40ï\ÍèÚúwV=aˆ™};‹+ÞSìtËéÜY^òŸc¦0ï\ËEôî,¯yO±Ó¶°K‡¼ú„yžCDm`—yõLcjŸ1†‰wÚã#xÉÿâÞ¹cxõ„•ÇŒxñîüÈ¾Dª‰ÿgtËUÄcÖëC²EìþwíL¾J¹!^Î=`¶éÐFøûKexaÞ¹™’5Â)ÂÿÒãékÅ4[tÞ÷½ÌnÛE•_L`x÷b7Ú˜ÇïÊìñíry=Q¼zÂ]W¬%Äl·Øõ‚ÿÒãéŒ×'‘g9´f®èÞ=a®ÌšöqmüWò7ÆqXÅzeâ Š.ïF+ÇËë;Tì™Ä9cé‰øö¹<Ÿil¯µ‚Þ¹c}“þ5Ó/§q—kòy.å÷h¯…?T¥h_"7XÑmÐFù	ëŒþ]tÆúpÏªR]¬Ë¹}2úwv¸ß'“|©qÚ#káOÕ,ç1'^g‘1ŠZ#xõ™˜ÜÌ‡n†‡I™x©K(¤½¢7Úá}ñžãÄSËãþ=ð¾A˜\k3aq¬È/‘ºu›‚^%ípú¦qëõ¢7Äcß»9˜Å¾$ëýÙÉ.òß’FøÌ.5“#|oo³ª®1â7Ä+ßÙ‚*^ÔË]¬+=‘â72g|›Þ[â7Úéó\¿ƒ·TÉ^ýÓÚ§Ìo§_|þ#|}¥²¼Ñ}7¼Úûçñã0¸Öf7m¢úoyÿøÖxÌ.5™—Ó{É$LbÚÂy5‹7·Yã0¸ÖIkÉÀÏªR]ãöÉUoYS·ÇÚ_ñXfËD‰y8.ìä—²î™};ˆß…Æ‹—1Ú™};‹—1Ú+ùã0¸Öf_%Æv_6¿
f5‹7û\knö¸õJÑ}?ŒÇIï)/hÄLµç½¡`.`—†}R’ïµÄo‰:Ç¿vrc31Ý»íqŒ‘¾œæ6Iél¯^‰:ó<†‡Õ2S¢ô`*S¦7m¢]¬]YÄwFÄSª^™|»—ÍïÆd®™~=aÑ¹ôâNªÚÛzòèã"½äoˆÅÜÕ\"£ýWÍÝ)ÅÎÌßËûb)ÚÏ?ûE¾ü®Ïµƒ+Ü|¹Þ=a›°þN,¨#}®˜‘ï¨¾}Ñß ñ¼z
þ]BúìïÝœÈ=ðŠpÏªR]¬üô¾œž¸RÌiçÚ[+Ó¶Ñ—k¦_.åðŸêv³Â)Éë…,Æž}¥²¼ÐŸåvxE9=qy»0k™Ç¬#|ë±ì{‹|®„è™kµ„òFø¹b;D¸ˆ§Ht"œmRñš»£xõ†<"£‘Ò|Ñ}?r½èIxŠ3
†‹náŸT¥ôî\ÆîXÇá}ñ|ú¼œú¥1ü—‰iÏø–´Ï|S¢c}9?‹|[}KXfêg…÷ÆaßÿÌaÞ¹›ÒñM;×3z0ï\ÍèÚÕYáÒoFÖ»X$k„S‰:Ç¿vr$±^Yñn˜‘*â1ëö,Ü¢Ý?árEìþwtÆí´FÖÉì~é—Š”By,©ŒwA*â3ûn&1o-ñNÑÿÌwF=dÆÓŸñê‚ß×¾ísÚ5W/£‹ªîôHùw1†µ¤_Fû\žOQ»¦0yí`]pŠqõcÖHéÃ>©ZN3ºsþ3/t’î)ÐWòäû¢cs êfÈßãßT¢ûãê—ÄoTž- ŠNÐ•^îøÌw}1¾œš^6¿
> ¯äbî"‰/_¼e£j—¼œ§H-%¶ÎºcÐKÆÕ/FqëÞ©Ölã%Õwz&7ÓËã]œ}XWñI5×EÝ1 ¶¯züÐ¦kÞèhQø·®ˆÄÆí«º7Y2ùõy8#xó&je¯=í—Åñ`.`gÕ(§–î+ùrÛ[¤â½ aÞ¹™Œ4ÐÃ½s3/’t¨#k)Ä+<Fñ“ú¥­‘H¦{Å.Af–1û¦1m|Îf6o§cï'^¨#|}¥²½ m~Éê‚ä["¨ã3/+Gê»ŠõèÇt¼dÆ|œÅ›‰’$H¶°žIv°+ÞFø¨ßhgØ³q“ì}1¿—s/&,Üûýkˆß ¶ífxñýëwLbÚÂy=PFø“XôLµ\DË]ö¸]pŠqecÖHÍ¥ÄÉI{DoµÓ-yïh¾mRñeRñrÎfZí`gø¯ã>Å›uÂ)Òïq_ÅÇ¾™9ÏNÎÌz(RNÑœ~Wšç¬b½âLËéÜz ¬uF+Ê÷ ×/È?ÖÕuØ‹»ÐWñHÞ2\¶{ïºcÖ	W$o‰k_ÉW#ê™Ç¬?Ö¦0+g±û¦0yµƒéWÑßvŒãò¼ý^…ý<†‰v°.¸E8ú±ë$Ì´S-èO%æìÁm2:H£ñþß¬ñÆJ÷Ž’,¾#tËåÜ¾h—r½è3ºsþ,è"†}Rœ¿¶To´Æ³§ú¥%ÚÀ·Ìª1ë&$dÿ¬w¾ËEÊ‹|r^ð¹$H0yÕäàúˆÚÄÆ-¬'’ä¸|Æ-¬'’å$ö³^W¸|Ä|"œž¸²±ë¢9tb
ÿþsœÆí´z¦^*ôm~W³™£fþ]Ì¿	ä³¢1ë£;t’ÑXO"‘¬~fcs-§-L`òü­¾:Òâ&_Mï!YãòëŠþFøûKezeäsœçzôo§cã1¾œk³ùÝñwLH»‘XÐŠrzâZ÷Ý¯î|ÆúrzáIÎdç5ˆ‡ðïV£uõZRø¿]ˆh¶è- û»ã,×,ï‹h7Ë¨1’KµÓ/§qÞŒkžƒNÑ÷[‰‰ø—}®%§?áKzT¼3ìY¸-ñ.#tè7Œž«oã1ÝôËæêO§å×Ämbcøü¯|]Âž«oã1ÝôÆñÇ™É};…3ßLbßÖ!üc$µéôâåA®º’ðŠvóîè,ªøÎ43ìY¸˜Ù!vÑê˜Ú×h=Q ¾mRñ¾}Ý×™i¿—=2ù-9ÿfÕ2:Mxñýq_Ëk³ùÝ©Ûhõ4"œKNÞN>vbcÐÑº”—xŠpÎ3’îZíb@Åµ‚UÏ“ƒ¼êÙ÷gö±&1^˜ÙT[ãžE$ö™6¼TËðžO»1"c}8¹ÙŸT¦êSY]™‰cß»9_™ïŒxR*^Ð¾ø·ÙÇYßÐ)ö–ÊñŒšìþw|[@¥½*^ö,ÜLH÷Äo¼Fùvºâ4îIy<Ÿñ¬ÀÎ3™–¸Œ;×3 o§¼y–‰W9ÌœæŠqÇ™w®dÆDS´FÃé/H-yïhGfc}8ãÌ‘µ‡zæLdE;DiÜ>’ôË]¬Éš?»ÞD‚ÑèO%æìÁ•CEôî=P"¢'š)™wóõ;YááuÓéÉë‹k³ùÝ©—Š•£Õ)®º’ðŠvóîè™hÕ32ù®W½ÕäàãÌ‘¼dÆE,ªøÇÜ³^[³+<Wÿäoóîè˜Úúw¨,¬zÂ*cf%gŒA_ÿÞ¯z6¼T·£fæZ9r‰‰N?U×/¾NÑ¼Y¿vs1¾œž¸_Ök¦7m¡â^×id÷èÇ¬-=cß¸cvº»²e¯=íì´/èr½è˜Ý³Õ1‹xÉŒŠ÷’ê½dÆúrzãÕ]&Mg¾"‹|/†ë5Ó-=cß»9h¾J¹3Þ‚(×gó¸E8¶õ¯„’êÐr¯ÍÌƒÉäñ^æ‰wD«èÉ\ºÒS¦ZóÞÑïíØûÉÁ¾?UÜEìþwt€ªø´ÙŒW¦7ÓŒîœÿ…Ë&ñqXh—}â^,è#}®˜ÇtÍª^"‹|k³ùÝñmÈ#Náô—¦^*h3WpÝf¸_|o$ôLµç¼Í;öÏõ£Õmüf;¾™hÕ2IÖ=û³™ôäõÇª•œzÂä[È9sŽÔË^{ËéÜfµ¤4[t§h¼êÙŒž¨.A'UmýtÆúqù|G=ãë_	%Õ å_ˆÚÁæø•}"v;‹¸“ª“Úz/¦÷–ø•qõ‡úÑ¼\knöºcÑ};Q^ì—vsÞ³´[¤4+Þkn$¯§p§Üü%í ·H˜Ù¾œKNÞN—]1³}8ýWcÖW™äHZn‚î>©}z7òí¢úwÅ›‚ßoøE:e¦è.ãê—ÅhE8—y—ÿÚ#|~¯g­w¿vf1o1“ÕØ³ØÿŽúe¦è.ãê—Ó™hßk“È¾¨ßh´ÙŒW¦Z=	äÊ ¬
KW/„þÅ–wÉˆ§4[t§W“ƒ\¯záž7Úh¬ª&^*VÔ¢)Ãúöª_åyË”4föýÏÇ¬Èºï'Ý¨1Ý)ÇÕäà³ ¶í{¾"…?k’{±íL`Ô§Ô"œ}Do^[³sÞo´Ñòy=P"¢4îIzcKÚE{†}RäÄí`ÚÉ“ÞÉ.ûÂ)Çü{éÎc‘z1oŒÕ{´KÅP“sëóDo‹}Ú˜Ý¶„rîc}8²½åIxÄ¾×u~ìæeøO%¾WF?¹ó=ñ.Ö
þ\‚ÍU\Eù¡õ¯„’êÐr¯Ó-v°žMðü3Ò^{ÚÐ]Ä—Aˆ#xÉ*¡¢N±ïÝœÌ`{ÅK«AÊ¿'“0°ípºã3ºÔt™/DÆíž¦†ë™˜Å¾×®#už%Ý¼y‘øˆüÞ.˜Ã$ÄLaŠ’b-Ôl¯â)ÓéÃ>©ZNO\^nÌŸ+éÙ#k)ÇåñîKÚ.åËµÃ¤‘B–k–9ý¡øg‡Ö¾K«AÊ¿LoåÜË^{Ë•øE9=q¬Y¸$ëýÙÌÆ; ¾ŸÃðÏ§QX.åËµXK¾ðŠqžãx¸Šºµª”b««Z©dà—y
Ïµõë$˜wNÞN	xÌT’(¹YãòÝ&@ÚñS¶°KNÄ+<>½gje¯—Ã=ÒK+²cÐFû\.¸Õ[·ÚÉ¾%ªû3-wJÑ»Št;×31[¤˜É÷Ç±ô«º7XFÖÓ½öK*¾˜ÁäLcjî+Ó/§qŸË¬vˆÚø_"7XKÉë‹+ÞS=Æ<Fñ“ýk³/žîøŠ?ãß«º]ö¸Š?-ÒZ=RÞŒCE%íítÆë™h—Ëãê-ôGh¯ˆÚÄËÅJÑ|ú¼œ¼y’7Œ˜É÷~ïAþ´IÖ=û³™—Šhõ4bÉ'µÿ¿DËð^nÌîû"ŸúSuw Šwíöf0jîAïÛìÈ-3Ä»X$Uje¯=íw¡ýrø¾›Þ[ãéÎmU|{n&$èE8•}ÜEªî1á}ñ®_„S…-÷Ñ‹¸ÌVÐŸåvx¾K‡¾s™|ÊãâÊ¯bÍÅèÃ½s7¥®Ö×§V=d‚ùy»19Í¡áŸT³œÆí´~«¸¯4_%\—›³8ûìzÉ‰ø¬îh¬'‘‹z©m¯æf1oŠóÐ7Y®"ŽKÚ3'R^Ñ×q.ù`ÿŽÙ™y1fâc.æ0y—Â)ÄsÞ\ƒû¡Úãýjâ7Ùã0ºÌ‚×žöˆß…ÖO«ÉÁ÷‘¾?º®hI×™äLbß Ž{ÌÅk™–S3·Úäò1ß_yZ#|^RIëz/(o§—ÅŽìä—køÆOëu;'úÔÄ‡¼Ö,ÜL¼T¥ñŸT¢)Éë‹•œzÂ7ŒŽ“2ñS-¦f1oµÆøÆE÷ÄoµÉäñf©ÒJþmÞŽÖM;ÞÇ¬UAÿUq¼dÌ-“óDoµÂãÉÁêãÖ4[t
[w¿l¯ãñþ>¨ÌÆúpÏªSêó<†ŒÕÝ»²Fñë2.¸ºµÄm|FùÉ“Ë©‰*Õ"c0ï\ÌË]¬®N,¯yO¨—}â^,è)Ú3*Ý$¶¿™h_"UD³s´fUºL³}8gÕ,Ë]÷‰y=qÕ:Íšìþv=aâN±ïÝœ‹ï…{ÈÚÁ˜wÿó-z@“¯3Èhö¸ÆOQ/Lbßk“Éê)Ú˜Å¾×'’óv`»…÷ÅÈ3*Ý&bG¾#|Æ³o°¾Å•ï)õ4c%·aÿ
GxÿUª÷‹ªw¾.@õ÷ÓéÇçAwwIw®e¡ãó »r¼ûºIy»0z¥˜ßNõJÑ.ÖäofA|ãÌ‘¼d—tþ%W¼ãÖÉy»0)* Šî’f®ëuò
tL¼SGÔ"œFñæd’5Â)Æñö=aš»£xõ’×ŽKÚ.Ç¾uæy¶ÑÆLd_To´W¸¯än³Å{â7Y–ŒgÉÁˆ^*cñ“+ÜWò7YãíT“/¾Ê—Œ@¯¯qÇ¬ÌÆÖ»Aõy8N%_AB½‘mÓ ÄHZíÔ"œJ¾‚(…{"Û§Aˆ6nÛE®Ð"œ[}~f@Úúw¨-¾¿3Y1³vÄvDS…×Ll“¯3Èh¾Ä«¯cÖ§Lmkº\"œF‘XE÷I)Ñ ¼·fç¼»ˆÚÀÃ½s3-wR2—´Š÷4S2ÍÛhõJKÉë‹:#°Í]ÒïµÓ7m£ýhN7Ãé/ü“ˆNcÑ.ÖÈŠv‰:«oë†ë™Zí`ú„S‹*±qìÁâ]Óø–´ÿ…ò%TH-¦f_NãÕoŠ÷â6Fø“ª¶þ¹¢™_„òFø–´ÿˆÚÁžë²ET¼)'Umýq.#eÝ2Óê’þ!Yâ½Ãê™¸_|YLc'9Œ|›Òò;×¢Ao‡IÇÃ¬zë5Ó·È/7}gsE¾ÿZâ7È9/xgÕ)wLbÚÂy%ÚéÜ[èŽÑ_ÿŠú÷Lo§ú¥%ÚÄ‚×}â^.èh¾}¼œ¼y‘äõÅæìÀ¥¼Xf'4:Ç n³]1¿—mÆ}RÌa¦…œæ$kˆßk…ò«Ìò2:Iít‚×žöˆßk“È£¶í¢cøÍÊ÷‹ï…÷©õ“™h¦f_3Üo4z¥˜ÇÅ†wcÖîhÖ,Ü¾×LbÚÁ^æŠKÚ#}®1ma<‘¾.ªôÄ‹˜Ãº”»…±qéŒ5ªÓEØÖ«MÝJo´EtÆÔ¥ÜFø“¬{÷g3->×þýùw1¾œ3ê”¾?ðü3ÄmbcvÏÕwâÚÛDç1²N¼Ï"eª³Ã¤Ìmkµ‰kUg‡I˜ÀÖ½Y1ƒRŸPŠpü3Â)Ú:Ë3 lÀU|]Zö=a'X÷îÎf6µÚÂyï#xÈ¶éÑ o§ú¥h—†qïŠþYPWò(RÚüfP#³¯•ûâù*ú;â(¹Yã:I"2ùw/šüv…{ÚN>ÇÆ»?ÅÝ1‹kæs2×žöŽX&e¯&—‹*-âÃå@»åø¯ã³1³õÌÞ­v± ¿	äSõ]%ø»½ýÚ)ÐF×Æ<_òª2eQ1Žè#k	äõª¢ßmRñõ^‚¿ŠIÖ=û³™˜¶¾g30ï“È¹<¹„‘áuÓéÃ>©f7Ó“×¨:Ò¯èz	v°_M/id÷èï¦ZóÞÑr¢ß§Ý9ÿy8/7}gz¤¿‹}þµÂ)ÅPÏªR7×L´õ~ìæôµÚÀºáãêÇ¬H‘"êñöÑþ´_áíT¸§jbG¾/‹q®ÏçcÖ§õW¼d³]Þœço—11ƒÈ½¶°žKIÖ=û³™Œñï„S´T¾™i¿—<Ñu{1Ú˜Æ¯“ã=Åôî~"Å·eû] ´j™h’¯™|ú¼œú¥%Ý§¼y‘áuÓ¶Ñ_ÏÔíg¦0jSNûˆÚÁ*æe¦þ\óCú¸Ç£Uó¿qr3Ïÿ1»eË­ »½z0+æˆÚÁ*ä_z‘Y1»m§ÄCús˜Ãµ{ÉzA"D…{ÈßëXô‰]Ò´nŸñ^hõK2×}®>ÇÄm`ýWqÿUtµ®Ö$˜¶±1Ž¿™#}®˜Åµ‚UÈ·-¤cÖLµßk±ðŠpþ]x¬H-yïh—}â½Ãð—²+ëÜW¸ÚäŠË¯¾Ï¼zÌ˜ñùsÄoµÉäYÎcû\c"ø]j¥1áíÝ2×kí´KNÂ)Ãê™ÚÄÆí´z§9Œ[ÆLdW¼¹õsâeôî3FkZDÆÖ»XO$º¯Y lÃ½s)äÛµ0ï\Êy6íD‡zæSÉ·j/FÍÛhõLaÞ¹”òYXõ„Qö:cdyžCEôî)™ôãòù8>¢7Œ‘EÜ0ï\ÌËéÜEPŠw¬?Ö„Sˆ£ìtÆ0î’"¡ýfN%Xï¦1;^NÑ¾_‰$Ll“®È¾E{†}R›©H£kïŸÓœÆÉ:ó<‹ÑWÜ}Rúeÿâ)Ä«è"óäŒ;×2Ñ§xÇ¢‰j¾È¾øÿ|]Â–Þî?¾¥íâ6k¾#u¯fcîãûê^ÓF»â7Zöf72Ñ};Šñˆ˜Ç{¸þú—´Ñ®øÖ½™Œw»ï©{MïˆÝkÙ˜“¯'Øá‡zæf${ãÄSŒ÷
>½a÷¹í…@²ªú«ˆßÅ›‹Ñ²N¼Ï"ôlÝ¶„rîeäÅ›‰Œw»ï©{MïˆÝkÙ˜Ç{¸þú—´Ñ®øÖ½™­v°.¸ñýõ/k'úÔ²J´YÑõ†±ñ_Èß	:ó<‰—Š•¡ãtÿŒÆñ}ñ}7¼Bù’7Œ‘¼zÂ0y£\ —²7ÂÌãÖLm};ŒÖ´†‹nƒmrEªî)Ñ2ñM©—á<‘Þûµ2×k)Éë«°ßkŒdñRdÖq9Ìl“¯'Ô—¦6ne¡õLÌbÅÜS¢ckZsþNœæ732×kÔ"œIÕI¬ñ/TŽ÷qýõ/i£]ñ­{3ïwßRöš5ßº×³1Ž÷qýõ/i£]ñ­{3·Œ’ÓŸñoŒÑs¿låÎ;F?—ÉW>NÔúÕ·ãßLc½Ü}KÚh×|Fë^ÌÆ;ÝÇ÷Ô½¦wÄnµìÌ`Óþ+Í;×32úwªìzËÒñPYUôÆæZ)–‹çåðúÏ‰—á<—›³Û§Aˆ™x¨Þ=aµ“'½ßLµâ^×›³Îs-¦LN%_A[á_^æ…{ÄS¯ÄQõÈ¹e¢™7m£õ]ÅzcÖÉáë˜#xõ…x¹Ø÷Ó·Äcß»97ÚâUÉy»19ÌHuèÁä4Kµ„òFÖ$òFÖ'9Œ[íqˆ1–‰:Ç¿vs1³};G÷CµÂÊ¸Œˆ§LlÅµ„ò$Üúý oåÜËã>©f7Ó“{ÌïXó$o³#ë_	%Õ å_ŒdýWIïec°ÿZ3Wto±¢]ãöËäod÷wÙhß\Š_,wg$¼[èŽÑu%â½1…Úæ‹n‡zæg9¯§q-kXï…·N'^g‘1µ®Ö$Ë¹}2ÑªdX7‹¦0xú»>NÕ2f‹*¾˜Ú×kë„SˆW³X-ºtH/§qÿé­yïh¬'’]¬¾@¯•Q“*‰‰øñî´°FñëS†}Rˆ§'®+Â)Ú-¯æf6Iòýz6o§ú¥3¾O&±fâc}8}S"ËýÏ˜Ù'B)Ä«è"Œâª_H7Ó†}R´_Mï.VxE8t“5wË2×žö‹äµäàÊ õFñë-ºé¥âÊ‚7Œ‘.=gñrwæf${ãËä;^.AîüÈü3Äoh}S3Ñžéf'“nõšDËé½çü{áÙ3Wqö=îÔÆ×Ó{Ë:ßñ®–«éŒCD»ípºáâÊÇ¬7l¹|Ñ|ü¾NýÏ.AuÖó2ùõy86©x_ ºëy½½½/‘¼y’ùîï…6ë&1o1’Ê¯¦1o1“\¯z*¾˜Ú×k2Fñ™k]òÁ¥‰¯%F3žÖ8Ì!ý1µâ†q÷Øõ“7m¢7Œ˜É÷?±NÌÆÖ¼÷´Fù¿4Y®X1ã1Òæeâ¥h¾}^N¹|Eô¶4[tË•ž»—Ä»åƒKc¥™|±Ýœ—Ó{Ë|}cÖ
?ãìÿÚï@õŽ"®­j¥=‹7E¾N?/Õw	qœAwñã2­ÒLÕÝ»¦_Mï?U2+Þ3}’¿™‡þ­§La•n’E.a£4é'ügmŽ!u©ôãËw‰—Óø~â6±1²Fç9u~ìæ@Ù¿²ÐÃ½s2éÜ,ç9—ÉW$µï»Xõ“5Â)ÓœÅœæ$k„S‹+ÞS–ÚÄ_4c>NÞ2j®_F?L¼·fÕ2,µƒ.öz&0»Ùè‘z7m£Õ2ü'‘ë2ü'‘/iÖ:ck]¬HZ® RìyÑÓ/™î%ÚÂy,¬zÂ¼oµÓéÉë…ÿ¥ÇÅ#||ºfbF»ÉÀŠt¿²ÐŽÌÆ-¬'“1‹k	å¢úwÚÖ?ã¾˜ßNõJ_Mï-ôGh²Œ{8û¦1ÝÕäàÿÜòÚüÑ'X÷îÎf_žøŠ-ð¿ô¸ø¯äo—L‘U2Ò^Œ>s˜Áä4zš%\DËéÜf0÷‹ÿKŠþFøùtÌÆÌWÇ±fâcf«ãØ³q1#{™x©Kæ¹^ôî%ÚÂy,¬zÂ¼oµÓ¶Ñ.Ö×§¯g°[tè˜ÁäÏ«ÉÁ*ûÊr^ñ¾]L´j™h¾Âø_båx¾ø¾YPcÙŒ{ôfbG¾/Œú¥#k)ÄKBë±e˜õ…xåý²£}©—ÏËãÿsÌDÆí´"œž¸ý¥´„L¾ÅæìÁoXõ˜õ†ûEµüÉ$—Vƒ•~˜Ý¶Õwæ†ë™™j¬ðé"ûã7sÞFøþ¸×]^ìÌ¼·f(Çˆßk…÷ÄsÞo´n¥N?÷>cû\žOTo°Š#žùŒ~Î>ì´r^ñåóì|G=æûDmbs™/=â)Ã>©f_NãÕUõ„m`¾}M	þWg‹çÕäâcù<ŠIÖ=û³‘}ñ};§9“œ×Ãušéü»h_Ök¦6`ò%ßk…×§V=d³tV¸ÿtµ_L´õ~ìæe§¬{÷g"KåZzÇ¿vrÑ.û\.¸E:AiëýÙÌ‚ü'‘/idÕ2ƒ7Úá}ðºâ^$½QX?âÅ»³1µâš=S0yòoFë™½w®fômx©˜w®fôm~ÉLÌ¿	ä¦f6µÚÁö>N>¢\FÈßu~ìæ@Ù'^gÑïs/§qâN±ïÝœÌm~Éw4cÄo-×È˜Ù»eÈ,¯¦7Ó…Ž#|IÖ=û³™˜ÕðŠq¾]t²N¼Ï"ô´q˜ï43Ý$·®XÞ=dËé½å)Å:
þFû]z0ï\ÍèÃ½s7£õÌÞŒ[ÆLd»¦ZzÇ¿vs µÚÁµ“'½ßB)Òúrzág9Ÿcÿþ×z&6¾Ã¬z)™fþ]Ìµ\˜ƒ5wFñëÚÀŠp±ÒØÕvx¾E?á‡zæHÝg,d—µÂ–×ãrÌlßN\Kµã–/™TLmx©—ÓKÅ¾ï¼d•P.G×¬%óòø×]×[íLµÚÁõ§rúAhÕ2Ñ}4¼{’öŒ÷xE8~â7Œ–ûýk¦_‚¼ôY2{Ù%ßxñ—x²»'Õ/¦1Ð{n
÷ª- ùP/ª7Ú˜Å¼dÎÕï-ñãÕ«‡z0ñãþ=ñw¤¼žOøÖ`gÌÆ-÷š!Yáô—“ÉwëWNs7m¢6°žK|®Œsæ_>ÇÞN}Rˆ§ê£‰5Ñ¤Lm~Éã2yï™k¾ñ|•r(üD?‹1§´).#öÏË˜Ìž{ÊñwLc){H=‹7òß~«¸ã3·Œ›­kßÃ¬z|¹‰—ÉW$—¯îøÇ…"¥íBÊ¸‚7ÇÊ‚]÷‹FÃé/ÓŸñ®ÏçqwLbÚÂy%ÚæÕ/EË­ }ká$º´«ñukU+E¾ÿZâ7Æ]ã=ßã=Ù.æ‡áž#xÌ!ï5‹7
÷šÅ›‰Œj¾ãê—Ó-¦Z1	äõAX-¯ÓéÉëTµÖ=-WÑ*â/¦÷ž¨ŽhE8]pë‰Œw@Šq^zÕ2?ñÆEƒØ³q1‡zæSÈëŒKI–“–“f1ÝN¼Ï!¢úw
IÖ=û³™‰øã&2z ÝJ)'X÷îÎLd»—ÐEªfe§¬{÷g35(¶éÐcøŠqõy8.]iIuh9Wéój—ˆ©ÞzFÃé/'‘œg'åñoJÏ¾3'žùŒw@ŠpÏªV„S“×ãßü_Ök¦${á‡zæg9–¼÷ˆ§&—‹*PcÇêºêôÆë™ZzÇ¿vrÑ~s˜Á©LdÄV=aÿÌüW¾@ÀU} `*¾?Ö‹¸Š™};Šfeó+)ÆOï©{Bûâ7N³pWñâß~WgŒBy$ë¢1#ß4KÏ{Eóêòpk•ï@ü3Æ!¢Û ¾FéÖnS‹•ðÏ†‹}ù]žNO\I×D"cÐ_†xE8_"UDÄ‰Îs/§qªu·ôÆæZ7Úâ^,©–»£õ9ÿ—´>’ð¤œwî3Fñ÷S²/¾cÑ ´õ~ìä_|:Ç ú¼œQgFûS¶°žIv‚ùù|œ…A¾×â60ï\ËE·A^zÛ_~â(~ñµ“'AÉ{BÿŽÑŒ‘EË­ ¹iÜ>’ôÄy8N3ÜÐ“¯3È1ma<—›³êSmrEúeøO$oŠóÐJ¨"‹zådñ™<÷Ìµç½¡`.`E94¼YPG=ãõÌ‘¾#NÌ¼SGªc}8ü¾NzåñâZ×Ó/W¸¹Ùƒ’ö†}RÌµÚÂy#|I¬z
þ[ìzÁÞ[oâ(…{2úqeA3Ý$Ï~×FfZz«±žN%¯'sß2ÓÕ]ŒõèßNõJÑo¿Ö¸ã&2R^ÓEôî,¬zÂ(÷wÄ»§ðú‚¿™íb’7ÚY8ìÌH{ÍbÍÃB½æ±fâeòZòpG=æñtÆ; E8ÎéÏúe£TÈ°\ƒ‘ÄKˆý¼zÉ—Èç¼Þ.h¾G=æñqê‰—Èç¼Þ.™|Ž{ÍâãÕ/‘Ïy¼]z0ï\ÍèÃ½s7£û\žLÕÝÇ¬/’¯ œæ0ï\ÌÄpŠp¯y¬Y¸Z}¯ýú&^9/h·ÝâßDv¦_œæ1oµÉäÍ]Ñ¼zÂùµKÄQ÷ˆ§Lo§W“ƒj—ˆ¢9ï.á|ˆÞ=cDcß»9™|ß.¾;Ôë6=s±fâcfúrixß.¾%ÚÁ|Êãéf2—´‚Z×Ó/‘ºu›äþï»Y…÷Òí´_ï»Y…÷×¥£†xE8Êãæ‰wGêsþIxSxû©ÙhuAo—1z6¾FéÖnÚÁ-9ÿy8.XŽÑ"1³.Ú%ç½£}]™‰hÖ,Üâ1wL´õ~ìæeòÞ©ÖnS…ˆ‡ñš»£xõ“-v°_.ÆsßH-v°_.ÆsßHZzÇ¿vr$±^Y’2IÕ]Œ÷Ó/)µ÷Æ ¤½©–“ûH%ç½¡ºÍtÆ-ñ÷wÄPŠvŒÊ·I˜Æ¿—]ñNr-šîúc³Æ _|YSýþµÅóö×Öqr±ï¦$«Va/q'X÷îÎOõ£0º‡ãÖ§4[t§…Ô?¾.é‰*Ñ}4¼{’öŒ÷xË¿lSKöÐ[åt ·ßë]1µñnZøI.­*ý1µ£ZøI.­*ý nÛG©£Õ9ÌÿZ³	x»‹>µñþ´_%\—›³Uõ†wZ‰Îgõ×KÏ|ÆíÌbÚÁŒ™£2÷DÆúqõy86©xŠ4¸ÏU|\¾÷k%xðÝfºckðžOTÃ<b®OýÏÇ¬ÌÆ×Š˜ßNO\kn&_ƒêìù8™iëýÙÈ’ÅyZ-òº1ýÏ?®4zÊþÎD–+ÊÑ|\²"£kïŒx¹u¬-2×xŠqoˆß{_ûôõ¸ÿZ#|IíïÐYª«¤ká$º´«óEñ~é12ñQ¼zÂZsþ.Vzs˜Æm/î{ûÑz_Mï3¨#|Izû'úÑukU)/÷ßNs/z_.åñ~s™k´®"Ahô'’Î‚åÖ±ß_*&1ûýkŒ»Ùè˜Ý¶…õ¥Å;"ë‰z@ßNO\kn&1oŒÕ{´ÑâßDv¦1oµÉäÍ;öÈ£ê˜Å¾×ÉãòÝÚVˆß•žhñm}óDo‹ÙŒÎsÕ“^—’ï‡I3Wqc»1™‰%×KÏxÝfºcõÌ´KµuÂ)ÇÕY o§è7Ú,èUDÆÍü»hÍíbcfë™˜Å¾×'“5wFñë·Nƒ}¢6°"œ}^N}RÌm|…{=ño´=s±fâcù<Îs7òì¾3ê”E8…{=ño´=s±fâc}9=qf¹`’¯h]w“éâ¥hÇñâ%¡uÆ]ûe•_õŽ÷ÍíØûÉÀŠqþžú”ßhÝ]ÒÌ;×32ù*ú¢Ê%ÄlE:ckäSþNhûy8/ÈéÉëTªìzÃuwâ6]Ó/Â^õî˜À Ì«t–‹¸_|z­×È9ùëÒÒ^ûµ˜_} ¼Uºù£Ìžý…{Ð;<þÎZ$¬o£šÞ¤cÖ4B½œzÃêó<ŒÞ˜î‰—ÈÝ:ÍÄç1³.æ7Ó†}R’íb@ßN#të7º¯Y1‡zæf$ëÌò$»X\"œ}Xõ’ä«’73XWñ^ò7Äž©/æ„S‰iÏø×~«=‹HáIUï%ßxE8Ïq^é–¼÷´#—sî‚7Äª÷™t™5žøŠ,¡uN÷ÅÈ3*Ý&eâ êfÌDËðc"êï„S´m_þct‹k	äE;FÕÿÅ÷Äo1’äWÿ˜Ý¶„S´m_þ@ßÙh¹Õÿæ_7Ï“ßìþw¾$ëýÙÌËçØøÚ¿ùâZÓ3/–tWÿ#|[ª„L¼T¦×ßqX-âÂŸñªüËDoŠ÷µõLä~áíåølÇ_Ì•ÿýèÚñSéÅµüÉ_ÿÞ˜·Œ˜ÉrÊ·I˜Ù¹Ú3*Ý&ckG ²šuæy£fúpþ‚Ê½0Ã­Û­x¼×ó+œÌlÃw=è¬×LIcÝz0yä4~«¸¶¿™7Úé—Ó¸õAÕ:Í’â6"œÐŽ‰­yïh¾ÄoTë6KˆØŠuèÚ×žö„S†}RÌo§ö¸WÊ¨Éw4]ÍtË^{Ú,wg$»X^*SžKCµëÑ†„S‹ÍÙƒ;t’/¾$ªˆïF+×£}8]qw/ˆ¢îhE8Ç²çÁw4"œ}^N“']û/‘Ç¬#kóê½éÉë…|ªŒ’]ãÖpº§{â´IvwX]ÂÊ¨˜Ý¶„rîAkÏ{F?—È×,wÂ)Æh¶¿4n¥?UÜ"œ~[¸¶¿™1ûò»<FÖÉ.ÖúÇ{ãê˜Å¾AþµfñËûeFûW£vÚË¹ôäõÆ±fàI×™äL¾­Y„¼"œ­…·o°»Œxñm3z7Ó“×¢],™=ðé&<=QÚËE{âÝ"c}9=p¿ô¸ø¯â)Ú*_ûŸY™˜
UDÆÌ=Ò-ö¸E8]sGÕXb±qé—–ìÀü3Â)ÇØøÄBKå˜‘ï…{ÌïŽKÚ>¦‰W#ðÏ§L`Uøä½áô—„S¦Z4—‹º@Ã¾2¸ø¾J¹cÑz$ÇÝNÉû\°ítÆ×Íòëâ6°"œD´KÚâìãÖLlÃ¾%\ù8!^Î=`¶éÐ"1‡|J¹!^Î=`¶éÑ9Ìœçš»­×È9ùéŒ;âUÏ“‚ìãÖnÝ µç¼÷š%Ý®LïˆW³X-ºtH/J¨h¾Çªª1ëò#xõ“éÄµäà~3â(»š5‹7É‹7É:ó<‰¯z72Ðú¦f_Nã5­!¡^óX³q ¾ÆkZDËåŽìä¾-ÅæìÀ¥¼Xf'4:Ç n³]1_§ëVa/t³ÑXO$oúÇ{ì‹®?Öš5‹7×“n&6Ikï³ l’Ö;ßfcH-v°}„–+Êeqð¶éÐ]Ò] ]pŠp¹g°»õ©®Ð}^NS‹ÍÙ‚Ê,›íLbß÷ßcÖ^–¼›Þ{’ö‹•ž1<F.ëÒñÉ{Gþ]^‰*Ñ.û\Fû\c"’áïhö¸ÆE%TLH÷Åój—‹äª‰‰:ó<‰kåŽìäã&2^nÌ _ÐWòå³ÝÍÓ7m£õ]Æû\ÐŠtÄ‡¼Ö,ÜLH{ÍbÍÄÄy8,èï3¨ï¦^(¯pü3ÙÆr¹ÌÄ‡¼Ö,Ü4n¤•éŒÅxŒY¸™|ÚýäàÚ¥áOÛ_~â(Ç³
÷™å‚ß>2ÐŽ‰–ŸT—ñ_Ä›Ÿ_¦ZñbÆûFû\E|¨"‹|º%Ä{³’(×;Ø¯ü§h÷J3Y9Ìc6—ó³ÅÝ1§?áâóv`Ë8’.ù~"‹Ê¾}Iæò¤éŒ¾_…÷ÆÕ/«¸þï4cù/îøE9¢úoy.ñ˜L`Ô¢Û§AX0ï\ËD«ˆh•q—cÎŽ˜ßN%_A}Do5‹7W“ék]¬®N!^Î=`¶éÑ m~Éáø÷4bÉáø÷§TD«ˆ?Ö¦1o‰:Çfd²±ë£*†1—”Ã'•“Õ)Z?Ö¹/hÝ?áíyuåLH÷Äma<’ïµÂ)ÆUc/*ùVï>ý•1µóêòpmRñ»õ¢7ŒÌmj¸†‰W2×kë„S«²Ahã1Þ"‹ºô´j™hE8}%â7Œ’ÕËæ«ÉÀŠt³fcfúq*ú£tÿö¯FÍý™­7òçö¯FÍý›Ñ‹}áâÊ‚)¢Ê‚( QøˆÞû´>’ôÆÌ[ãöñùœ¤¼FÖUËèÇãö–LÆÉy¬Y¸˜ÆºAN‰–»ïWdã%ŽA•Aáø÷H-x² Š?o¿2b
tLH÷ÂäÍÐFø“RöŠþFû<Dµ9ÌµÚÁõ§î6¾z¥$ê½N÷îNœæ6bßkˆß ²¯FÓœ÷Â½æ¹~A•ÇÆ"cfí´­	Æø}%â¿’q	Ì¾U»Ï¿EèÃ½s2í´z¥%ÚÁõvMñ*ú$4r^Ò+Ý1‚©që,ªøŒ]Í®òp" ¾>’ð“sëóGük0Wñ^ù–“ûH??—ÓZí`]pŠqõcÖítµäå{ÐÑˆO&÷êu›-ö=`¯Â^h—}ãÔW¸•}N˜ÇtÝKX:HïcÉqñ)/}ö=dç1²Kå½/žîøŠ!^É"1³vÚ=Rˆ§¯¼¤+ÙZóÞbÈ£ñþ±ÇúÑX˜ÃF?ˆ§&÷i;<]Ó1Ý)Çåòp\ºÒâëÑ²G¾%ÚTHýù]žh·ß•Ùã|žKÍÙ‚åÖ‘X"œfñù|[áœzÉ›[:›Ñ%Šò´}^Nã1Þ"âé˜<žOT§h;‡Ò^˜Ú×kÔ"œ3ê”[tè#Náô—¤­yïh¾Ns¾Æ=9ÌnÛDo1’N»ö)Ù˜Å¾¬×\ŸÕïïðúKÄ¸‘¾$ëýÙÌËE]fæ0ï\ÌËù#xÉwH-wGå×feøO$tšÌv±NÌÄ–+ÊÑrÒ^h—‹+ÞQœg"Ê¨?ÖŠv¬™8zKÚüv¦^*Qœg%Ýz1Ð{n
÷ª- ùP/ª7Ú™|•}ñgu(Šqo¿Öºe¯=ó¶°u¥’õÇ²(ú‰Û™~Éö3c³õ“.¾ËEŽ]}™—Ê×Ý¡â(³ õÅ:
þ\ƒ8³q1µâ¥½‚7×^ŒAëš-Ônômx«Ñ‹xÉrëX[8ÆK±ï±ëßµ‚åg²]Ã8õ“{¤=ÒÌ;×3z6¼TÆÉ:òp^nÌ…÷ÄoµÍ§U™˜Ù€è)ÐWòäª&^*ôaÞ¹›Ñ²G¾'úÐŠqr	qÿ¦6Ib¼·¥ôÞój—„S‡×æ{âÚþdÇˆÚÁ/hÿZ#|k³NÑò£7¥ò\=æÕ/¯»S/’áï6©x“QÞŒ+æ_%ÃÞmRôç1!ï5‹7«uò©/^—Ë*>ÒÙ^7Úá}ñ};TÿKˆ¡Ùã2úw
}^gWˆßõz1¼þ·¬B—ZÂÙÙ˜Å¾AîKÚ¹†¨ò$¾_†ë™˜Ù%ŠòÈ7öZw®fA|}%áé—“•ïD‚òr½èh×+Þ‰—ÇÒ^N"ªbA»õ¢4îIy<Ÿñ¬ÀÎ3™ÎbKå$±^YF¸E8W¼Ö,ÜHû3î‚ùõy8ï»Y…÷Ó/§q—I“Yïˆ¢ßù]þçÌcºS…×ù]þçÌ¾J¹7RqëÞ2KNÅ¾ÚÉ’ƒ½ö=dÆ¾-¿³‘Ùhä½¤WºlbÀ